<html>
<body>
<pre>
<h1>µVision Build Log</h1>
<h2>Project:</h2>
H:\stm\cam8c\MDK-ARM\cam8c.uvproj
Project File Date:  03/12/2015

<h2>Output:</h2>
Build target 'cam8c Configuration'
compiling main.c...
..\Src\main.c(313): warning:  #177-D: variable "j" was declared but never referenced
linking...
Program Size: Code=10240 RO-data=640 RW-data=140 ZI-data=10476  
"cam8c Configuration\cam8c Configuration.axf" - 0 Error(s), 1 Warning(s).
Build target 'cam8c Configuration'
compiling main.c...
linking...
Program Size: Code=10240 RO-data=640 RW-data=140 ZI-data=10476  
"cam8c Configuration\cam8c Configuration.axf" - 0 Error(s), 0 Warning(s).
Load "cam8c Configuration\\cam8c Configuration.AXF" 
Erase Done.
Programming Done.
Verify OK.
Application running ...
Build target 'cam8c Configuration'
compiling main.c...
..\Src\main.c(313): warning:  #550-D: variable "k" was set but never used
linking...
Program Size: Code=10240 RO-data=640 RW-data=140 ZI-data=10476  
"cam8c Configuration\cam8c Configuration.axf" - 0 Error(s), 1 Warning(s).
Build target 'cam8c Configuration'
compiling main.c...
..\Src\main.c(317): error:  #20: identifier "k" is undefined
Target not created
Build target 'cam8c Configuration'
compiling main.c...
linking...
Program Size: Code=10240 RO-data=640 RW-data=140 ZI-data=10476  
"cam8c Configuration\cam8c Configuration.axf" - 0 Error(s), 0 Warning(s).
Load "cam8c Configuration\\cam8c Configuration.AXF" 
Erase Done.
Programming Done.
Verify OK.
Application running ...
Build target 'cam8c Configuration'
compiling main.c...
linking...
Program Size: Code=10260 RO-data=640 RW-data=140 ZI-data=10476  
"cam8c Configuration\cam8c Configuration.axf" - 0 Error(s), 0 Warning(s).
Load "cam8c Configuration\\cam8c Configuration.AXF" 
Erase Done.
Programming Done.
Verify OK.
Application running ...
Build target 'cam8c Configuration'
compiling main.c...
linking...
Program Size: Code=10260 RO-data=640 RW-data=140 ZI-data=10476  
"cam8c Configuration\cam8c Configuration.axf" - 0 Error(s), 0 Warning(s).
Build target 'cam8c Configuration'
compiling main.c...
linking...
Program Size: Code=10312 RO-data=640 RW-data=140 ZI-data=10476  
"cam8c Configuration\cam8c Configuration.axf" - 0 Error(s), 0 Warning(s).
Load "cam8c Configuration\\cam8c Configuration.AXF" 
Erase Done.
Programming Done.
Verify OK.
Application running ...
Build target 'cam8c Configuration'
compiling main.c...
linking...
Program Size: Code=10252 RO-data=640 RW-data=140 ZI-data=10476  
"cam8c Configuration\cam8c Configuration.axf" - 0 Error(s), 0 Warning(s).
Load "cam8c Configuration\\cam8c Configuration.AXF" 
Erase Done.
Programming Done.
Verify OK.
Application running ...
